// Vitest Snapshot v1, https://vitest.dev/guide/snapshot.html

exports[`golden: lo que se exporta no cambia sin querer > perfil Bambu/Orca y STL · modo a_ras 1`] = `
{
  "3mf:3D/3dmodel.model": "11874eda76cd4d6c",
  "3mf:Metadata/model_settings.config": "0106a5569ada0d43",
  "3mf:Metadata/project_settings.config": "ed15983e05158a6e",
  "3mf:[Content_Types].xml": "235f53549dd37920",
  "3mf:_rels/.rels": "6bbea348574022ef",
  "INSTRUCCIONES.txt": "98dbed4ffb33c40b",
  "stl/1_blanco.stl": "7b8603e849dbd4a0",
  "stl/2_amarillo.stl": "421c4d1c5d65e632",
  "stl/3_rojo.stl": "1e8d5d62db5c42da",
  "stl/pieza-entera.stl": "cc889fefa41631b2",
}
`;

exports[`golden: lo que se exporta no cambia sin querer > perfil Bambu/Orca y STL · modo apilado 1`] = `
{
  "3mf:3D/3dmodel.model": "2a9413d49cfa3077",
  "3mf:Metadata/custom_gcode_per_layer.xml": "e0c89e4dcb0bd2a3",
  "3mf:Metadata/model_settings.config": "60a56e23e134d1f0",
  "3mf:Metadata/project_settings.config": "f2aab824df09f9d4",
  "3mf:[Content_Types].xml": "235f53549dd37920",
  "3mf:_rels/.rels": "6bbea348574022ef",
  "INSTRUCCIONES.txt": "31f41f400117536e",
  "stl/1_blanco.stl": "4674be6e5403a4f5",
  "stl/2_franja-1.stl": "1647707a926692d3",
  "stl/3_franja-2.stl": "98347c8821272f6c",
  "stl/pieza-entera.stl": "901ab9dfc89fdc3a",
}
`;
